// Jest Snapshot v1, https://goo.gl/fbAQLP

exports[`should render EditExpense Page 1`] = `
<div>
  <ExpenseForm
    expense={
      Object {
        "amount": 1000,
        "createdAt": 345600000,
        "desc": "testing 222",
        "id": 3,
        "note": "",
      }
    }
    onSubmit={[Function]}
  />
  <button
    onClick={[Function]}
  >
    Delete
  </button>
</div>
`;
