// Jest Snapshot v1, https://goo.gl/fbAQLP

exports[`should render ExpenseListItem with NO expenses 1`] = `
<p>
  No item
</p>
`;

exports[`should render ExpenseListItem with expenses 1`] = `
<div>
  <Link
    to="/edit/1"
  >
    <h3>
      testing 111
    </h3>
  </Link>
  <p>
    6.66
     NIS - 
    January 1, 1970 2:00 AM
  </p>
</div>
`;
